Router>enable
Router#conf t
Enter configuration commands, one per line.  End with CNTL/Z.
Router(config)#interface gigabitEthernet 0/0
Router(config-if)#ipv6 adress 2001:db8:0:0::1/64
                         ^
% Invalid input detected at '^' marker.
	
Router(config-if)#ipv6 address 2001:db8:0:0::1/64
Router(config-if)#no shutdown 

Router(config-if)#
%LINK-5-CHANGED: Interface GigabitEthernet0/0, changed state to up

%LINEPROTO-5-UPDOWN: Line protocol on Interface GigabitEthernet0/0, changed state to up

Router(config-if)#exit
Router(config)#interface gigabitEthernet 0/1
Router(config-if)#2011:db8:0:1::1/64
                  ^
% Invalid input detected at '^' marker.
	
Router(config-if)#2001:db8:0:1::1/64
                  ^
% Invalid input detected at '^' marker.
	
Router(config-if)#ipv6 address 2001:db8:0:1::1/64
Router(config-if)#no shutdown 

Router(config-if)#
%LINK-5-CHANGED: Interface GigabitEthernet0/1, changed state to up

%LINEPROTO-5-UPDOWN: Line protocol on Interface GigabitEthernet0/1, changed state to up

Router(config-if)#exit
Router(config)#interface gigabitEthernet 0/2
Router(config-if)#ipv6 address 2001:db8:0:2::1/64
Router(config-if)#no shutdown 

Router(config-if)#
%LINK-5-CHANGED: Interface GigabitEthernet0/2, changed state to up

%LINEPROTO-5-UPDOWN: Line protocol on Interface GigabitEthernet0/2, changed state to up

Router(config-if)#exit
Router(config)#ipv6 unicast-routing
Router(config)#copy running-config startup-config
                 ^
% Invalid input detected at '^' marker.
	
Router(config)#exit
Router#
%SYS-5-CONFIG_I: Configured from console by console

Router#enable
Router#copy running-config startup-config
Destination filename [startup-config]? 
Building configuration...
[OK]
Router#
Router#show ipv6 interface brief
GigabitEthernet0/0         [up/up]
    FE80::20C:85FF:FE20:6501
    2001:DB8::1
GigabitEthernet0/1         [up/up]
    FE80::20C:85FF:FE20:6502
    2001:DB8:0:1::1
GigabitEthernet0/2         [up/up]
    FE80::20C:85FF:FE20:6503
    2001:DB8:0:2::1
Vlan1                      [administratively down/down]
    unassigned
Router#